10minutemail.com
1337x.to
1fichier.com
24.kg
4freerussia.org
4pda.to
4pda.ws
4pna.com
529055.xyz
5sim.net
7dniv.rv.ua
7tv.app
7tv.io
9tv.co.il
a-13.1fichier.com
a-vrv.akamaized.net
abercrombie.com
abook-club.ru
academy.terrasoft.ua
activatica.org
adguard.com
adidas.com
adminforge.de
adobe.com
ads-twitter.com
adultmult.tv
agents.media
ahrefs.com
ai-chat.bsg.brave.com
ai.com
aircanada.com
akc.org
allegro.pl
alphacoders.com
alza.hu
amazfitwatchfaces.com
amdm.ru
amedia.site
amnezia.org
amplitude.com
amx.com
analog.com
andrevi.ch
anidub.com
anilib.me
anilibria.org
anilibria.top
anilibria.tv
anilibria.uno
anilibria.wtf
animaunt.org
anime-portal.su
anime1.best
animebest.org
animedia.tv
animego.org
animespirit.ru
anistar.org
anistars.ru
annas-archive.org
ansys.com
anthropic.com
any.do
aol.com
api.jetbrains.ai
api.service-kp.com
api.theins.info
api.themoviedb.org
apkmirror.com
app.zerossl.com
arbat.media
arc.net
archive.midnightchannel.net
archive.ph
archiveofourown.org
arduino.cc
as6723.net
assets.heroku.com
atlassian.com
atn.ua
att.com
attachments.f95zone.to
atv4.dnskp.cc
audiobookbay.lu
augmentcode.com
autodesk.com
avira.com
azathabar.com
azattyq.org
babook.org
baginya.org
baikal-journal.ru
bato.to
bbc.co.uk
bbc.com
bbci.co.uk
bcbits.com
bell-sw.com
bellingcat.com
bestbuy.com
bestchange.ru
bihus.info
bitdefender.com
bitnami.com
blackseanews.net
blinkshot.io
bluehost.com
booktracker.org
boominfo.org
booth.pm
booth.pximg.net
bosch.com
boschaftermarket.com
boschautoparts.com
botnadzor.org
brawlstarsgame.com
bricklink.com
broadcom.com
broncosportforum.com
bt4gprx.com
btdig.com
btod.com
buanzo.org
buf.build
bufferbloat.net
builds.parsec.app
buymeacoffee.com
byteoversea.com
canva.com
canva.dev
capacitorjs.com
capcut.com
carnegieendowment.org
carrefouruae.com
cats.com
cbilling.eu
cbilling.vip
cdn.web-platform.io
cdnbunny.org
cdninstagram.com
cdromance.org
cdw.com
censor.net
censortracker.org
chaos.com
chat.com
chat.openai.com.cdn.cloudflare.net
chatgpt.com
chaturbate.com
chenbro.com
cherta.media
chess.com
chesscomfiles.com
chub.ai
circlecrewpinkcrowd.com
cisco.com
cisecurity.org
citrix.com
clamav.net
clashofclans.com
clashroyaleapp.com
claude.ai
clevelandclinic.org
clickup.com
clip.opus.pro
cloudtorrents.com
cms-twdigitalassets.com
cnd2exp.online
cock.li
code.gist.build
codecguide.com
codeium.com
codelinaro.org
coingate.com
coinpayments.net
coinsbee.com
coldfilm.city
coldfilm.ink
coldfilm.xyz
colta.ru
community.sophos.com
connect.ngrok-agent.com
contabo.com
coomer.su
copilot.microsoft.com
corsair.com
coursera.org
cpu-monkey.com
credly.com
croxyproxy.com
crunchyroll.com
csskor.ill.in.ua
cub.red
currenttime.tv
cursorinfo.co.il
cvedetails.com
cyberghostvpn.com
cyxymu.info
daemon-tools.cc
dailylviv.com
dailymotion.com
danbooru.donmai.us
darthsternie.net
data-cdn.mbamupdates.com
data.cline.bot
deckbrew.xyz
decrypt.day
deepl.com
deepstatemap.live
deezer.com
delfi.lt
delfi.lv
delivery.2d.net.co
dell.com
dellcdn.com
depositphotos.com
designer.microsoft.com
designify.com
developer.nvidia.com
devexpress.com
deviantart.com
diabrowser.com
digash.live
digikey.com
digitalcontent.sky
digitalocean.com
discord.tools
discours.io
disctech.com
disneyplus.com
dlpsgame.com
docs.liquibase.com
document360.com
document360.io
dorama.live
doramalive.ru
doramy.club
dovod.online
download3.omnissa.com
doxa.team
dpidetector.org
dreamhost.com
dreamina.capcut.com
dub.sh
ducati.com
dumka.media
dw.com
dyson.com
e-hentai.org
e621.net
easydmarc.com
echofm.online
edemtv.me
editorx.com
edu-cisco.org
ef.com
ef.edu
eggertspiele.de
ej.ru
ekhokavkaza.com
element14.com
elements.envato.com
elevenlabs.io
elgato.com
eneba.com
epidemz.net.co
eporner.com
espreso.tv
etahub.com
etsy.com
euronews.com
euroradio.fm
eutrp.eu
everand.com
exchanger.bits.media
exler.ru
expandrive.com
expres.online
extremetech.com
f1.com
f95-zone.to
facebook.com
facebook.net
fansly.com
fast-torrent.club
fast.com
fastpic.org
fb.com
fbcdn.net
fbsbx.com
ficbook.net
filebin.net
filmitorrent.net
filmix.ac
filmix.biz
filmix.day
filmix.fan
filmix.fm
filmix.la
flibusta.is
flibusta.net
flipboard.com
flir.com
flir.eu
flisland.net
flourish.studio
fls.guru
fluke.com
flukenetworks.com
flyertalk.com
fn-volga.ru
fonge.org
footballapi.pulselive.com
force-user-content.com
force.com
forklog.com
formula1.com
fortanga.org
forum.netgate.com
forum.ru-board.com
foxnews.com
framer.com
freedomletters.org
freeimages.com
freemedia.io
freeones.com
fxnetworks.com
g2a.com
gagadget.com
gamedistribution.com
gamesrepack.com
gamestop.com
gaming.amazon.com
geforcenow.com
gelbooru.com
genspark.ai
geolocation.onetrust.com
germania.one
getoutline.com
getoutline.org
gfn.am
ghostrc.game.idtech.services
gifyu.com
git.new
glavred.info
glavred.net
global.fncstatic.com
global.platform.seconddinnertech.com
glpals.com
godaddy.com
gofile.io
gofundme.com
golosameriki.com
gonitro.com
goodreads.com

gpsonextra.net
gpu-monkey.com
gql.twitch.tv
gr-assets.com
grafana.com
grani.ru
graty.me
graylog.org
grizzlysms.com
grok.com
groq.com
groupon.com
guilded.gg
gulagu.net
habr.com
hackernoon.com
hackmd.io
halooglasi.com
hashicorp.com
haydaygame.com
hbomax.com
hc-ping.com
hchk.io
hd-rezka.tv
hdkinoteatr.com
hdrezka.ac
hdrezka.ag
hdrezka.app
hdrezka.me
hdrezka.tech
hdrezka.tv
hdrzk.org
hdstudio.org
healthline.com
hentai-foundry.com
herokucdn.com
hetzner.com
hitomi.la
hollisterco.com
holod.media
home-connect.com
home.by.me
hostgator.com
hostinger.com
hotels.com
housebrand.com
hqporner.com
hromadske.ua
hs.fi
htmhell.dev
hume.ai
hybrid-analysis.com
i.sakh.com
ibm.com
ibytedtos.com
idelreal.org
iditelesombase.org
iedb.org
ig.me
ign.com
iherb.com
iichan.hk
ikea.com
ilook.tv
image.tmdb.org
imgburn.com
imgur.com
important-stories.com
indeed.com
indiehackers.com
infineon.com
insearch.site
instagram.com
install.launcher.omniverse.nvidia.com
intel.com
intel.de
intel.nl
intelix.sophos.com
interactivebrokers.co.uk
interfax.com.ua
internalfb.com
intuit.com
intuitibits.com
ionos.com
iptv.online
is.fi
istories.media
itch.io
itninja.com
itsmycity.ru
jamf.com
jellyfin.org
jetbrains.com
jetbrains.space
jetkvm.com
jskor.ill.in.ua
jut-su.net
jut.su
jw-russia.org
jw.org
kaktus.media
kaleido.ai
kamatera.com
kara.su
kasparov.ru
kavkaz-uzel.eu
kavkazr.com
kemono.su
keysight.com
kilo.ai
kilocode.ai
kino.pub
kinogo.ec
kinogo.la
kinogo.uk
kinopub.me
kinovod.net
kinozal.guru
kinozal.me
kinozal.tv
kinozaltv.life
klarna.com
kmail-lists.com
knaben.xyz
knews.kg
knowyourmeme.com
kolsar.org
kor.ill.in.ua
korrespondent.net
kovcheg.live
krymr.com
kupujemprodajem.com
kym-cdn.com
lambdalabs.com
lamcdn.net
langdock.com
lantern.io
latestmodapks.com
ldoceonline.com
le-production.tv
leafletjs.com
legalshield.com
lgeapi.com
lgthinq.com
lib.rus.ec
libgen.li
licdn.com
lidarr.audio
lifehacker.com
liga.net
lightning.ai
linear.app
lingq.com
linkedin.com
linktr.ee
livetv.sx
liveuamap.com
locals.md
lolz.guru
lostfilm.download
lostfilm.tv
lostfilm.tw
lostfilm.uno
lostfilmtv2.site
lu4.org
lucid.app
magaz.global
mail-api.proton.me
mailerlite.com
mailfence.com
mailinator.com
mailo.com
make.com
malwarebytes.com
mangadex.org
mangahub.ru
mangapark.net
manus.im
manybooks.net
manyvids.com
marvelsnap.com
mashable.com
mattermost.com
max.com
mbk-news.appspot.com
mediazona.ca
medicalnewstoday.com
medium.com
meduza.io
mega.nz
megapeer.ru
megapeer.vip
merezha.co
meta.com
metacritic.com
metal-archives.com
metla.press
metopera.org
middlewareinventory.com
mignews.com
mintmobile.com
miracleptr.wordpress.com
mirror.jellyfin.org
mixcloud.com
modrinth.com
mongodb.com
monolisa.dev
monoprice.com
more.fm
moscowtimes.ru
mouser.com
mouser.fi
mssg.me
mullvad.net
multporn.net
muscdn.com
musical.ly
musicbrainz.org
musixmatch.com
mw2.wiki
myanimelist.net
mydoramy.club
myheritage.com
myjetbrains.com
myparallels.com
myqrcode.com
navalny.com
nba.com
neformat.com.ua
neo4j.com
netacad.com
netapp.com
netflix.ca
netflix.com
netflix.net
netflixinvestor.com
netflixtechblog.com
netlify.com
networksolutions.com
new.abb.com
newark.com
newsroom.porsche.com
newsru.co.il
newsru.com
newtimes.ru
nexus-cdn.com
nfl.com
nflxext.com
nflximg.com
nflximg.net
nflxsearch.net
nflxso.net
nflxvideo.net
ngrok.com
nhentai.com
nhentai.net
nhl.com
nih.gov
nike.com
nippon.com
nitropdf.com
nnmclub.to
nnmstatic.win
nordaccount.com
nordcdn.com
nordvpn.com
notepad-plus-plus.org
notion-emojis.s3-us-west-2.amazonaws.com
notion-static.com
notion.com
notion.new
notion.site
notion.so
novaline.fm
novaya.no
novayagazeta.eu
novayagazeta.ru
novyny.live
ntc.party
ntp.msn.com
nude-moon.org
nxp.com
oaistatic.com
oaiusercontent.com
obozrevatel.com
ocstore.com
oculus.com
ohmyswift.ru
oi.legal
okx.com
olx.ua
omnissa.com
omv-extras.org
onfastspring.com
onlinesim.io
onshape.com
open-vsx.org
openai.com
openh264.org
openmedia.io
openrouter.ai
opensanctions.org
opensea.io
opentrackr.org
openvsx.eclipsecontent.org
opposition-news.com
oracle.com
orbispatches.com
orcaslicer.com
ottplayer.tv
ovd.info
ovd.legal
ovd.news
ovdinfo.org
ozodi.org
paddle.com
paddlestatus.com
pages.dev
pandasecurity.com
pap.pl
paperpaper.io
paperpaper.ru
parallels.cn
parallels.com
parallels.net
parallelsaccess.com
paritydeals.com
patreon.com
patreonusercontent.com
patriot.dp.ua
pb.wtf
pcgamesn.com
pcmag.com
penguin.com
penguinrandomhouse.com
periscope.tv
pexels.com
phncdn.com
phncdn.com.sds.rncdn7.com
pimpletv.ru
pingdom.com
piratbit.top
pixabay.com
pkg-zone.com
pkgs.tailscale.com
platform.activestate.com
playboy.com
plugshare.com
polit.ru
politico.eu
politiken.dk
polymarket.com
pornhub.com
pornhub.org
pornolab.net
portal.lviv.ua
posle.media
posthog.com
postimees.ee
pravda.com
pravda.com.ua
premierleague.com
primevideo.com
primevue.org
privatekeys.pw
prnt.sc
production-openaicom-storage.azureedge.net
proekt.media
profitwell.com
prosleduetmedia.com
prosperopatches.com
prostovpn.org
proton.me
protonvpn.com
provereno.media
prowlarr.com
pscp.tv
psiphon.ca
psxhax.com
public.parsec.app
pvpessence.com
qdrant.io
qdrant.tech
qt.io
quadratichq.com
qualcomm.com
quicknode.com
quora.com
quora.com.cdn.cloudflare.net
qwant.com
r4.err.ee
radiojar.com
radiosakharov.org
radiosvoboda.org
rbc.ua
reactflow.dev
realbooru.com
realist.online
recraft.ai
reddxxx.com
redgifs.com
redis.io
redislabs.com
redshieldvpn.com
refactoring.guru
remna.st
remove.bg
render-state.to
rentry.co
rentry.org
repo.jellyfin.org
republic.ru
research.net
restream.io
reve.art
rezka-ua.in
rezka.ag
rezka.cc
rezka.fi
rezka.land
rezka.my
rezka.tv
rezkify.com
rezonans.media
rf.dobrochan.net
rferl.org
rima.media
riperam.org
riseup.net
roar-review.com
root-nation.com
roskomsvoboda.org
rublacklist.net
rule34.art
rule34.us
rule34.xxx
rus.delfi.ee
rus.jauns.lv
ruscryde.net
rustorka.com
rutor.info
rutor.is
rutor.org
rutracker.cc
rutracker.net
rutracker.org
rutracker.wiki
sakhalin.info
sakharovfoundation.org
salesforce-experience.com
salesforce-hub.com
salesforce-scrt.com
salesforce-setup.com
salesforce-sites.com
salesforce.com
salesforceiq.com
salesforceliveagent.com
sap.com
saverudata.net
schemas.microsoft.com
schemas.openxmlformats.org
sci-hub.se
sci-hub.st
scrollrevealjs.org
scryde.io
scryde.net
scryde.ru
scryde.world
scryde1.net
scryde10.net
scryde11.net
scryde12.net
scryde2.net
scryde3.net
scryde4.net
scryde5.net
scryde6.net
scryde7.net
scryde8.net
scryde9.net
sdxcentral.com
searchfloor.org
seasonvar.ru
selezen.org
semnasem.org
semrush.com
sentry.dev
sentry.io
sephora.com
servarr.com
severreal.org
sfdcopens.com
shikimori.me
shinyhardware.co.uk
shiza-project.com
shop.gameloft.com
showip.net
sibreal.org
signal.org
simplex.chat
simplex.im
simplix.info
singlekey-id.com
site.com
siteground.com
skat.media
sketchup.com
skiff.com
skladchik.com
sklatchiki.ru
sky.com
skycdp.com
slashlib.me
slavicsac.com
slifki.biz
smartbear.co
smartbear.com
smartdeploy.com
sms-activate.io
snapgene.com
sndcdn.com
snort.org
snyk.io
sobesednik.com
solarwinds.com
sonara.ai
sophos.com
sora.com
sotaproject.com
soundcloud.cloud
soundcloud.com
sovetromantica.com
spacelift.io
speedtest.net
spektr.press
spiceworks.com
spiegel.de
spitfireaudio.com
spotify.com
spreadthesign.com
sputnikipogrom.com
squadbustersgame.com
squareup.com
squietpc.com
startmail.com
startpage.com
static.lostfilm.top
statology.org
steamstat.info
strana.news
strana.today
strava.com

supercell.com
supersliv.biz
support.anydesk.com
support.xerox.com
surfshark.com
surveymonkey.com
suspilne.media
svidomi.in.ua
svoboda.org
svoi.kr.ua
svtv.org
swagger.io
swapd.co
swissinfo.ch
synoforum.com
t-invariant.org
t.co
tableau.com
talosintelligence.com
tampermonkey.net
tayga.info
te-st.org
teamviewer.com
techbargains.com
telegraf.by
telegraf.news
telegram.org
telegraph.co.uk
telemetr.io
tellapart.com
tempmail.plus
temu.com
terraform.io
the-village.ru
theaudiodb.com
thebarentsobserver.com
thebell.io
theins.press
theins.ru
themoviedb.org
thepiratebay.org
theporndude.com
therarbg.to
thetruestory.news
thetvdb.com
threads.net
threema.ch
ti.com
tidal.com
tik-tokapi.com
tiktok.com
tiktokcdn-eu.com
tiktokcdn-us.com
tiktokcdn.com
tiktokd.net
tiktokd.org
tiktokv.com
tiktokv.eu
tiktokv.us
tiktokw.us
timberland.de
tiptop-vpn.com
tmdb-image-prod.b-cdn.net
tmdb.com
tmdb.org
toolbox.app
torproject.org
torrenteditor.com
torrentgalaxy.to
trae.ai
trailblazer.me
trailhead.com
transferwise.com
trellix.com
tria.ge
trueblackmetalradio.com
truthsocial.com
tsmc.com
ttwstatic.com
turbobit.net
tuta.com
tuta.io
tutanota.com
tvdevinfo.com
tvfreedom.io
tvrain.ru
tvrain.tv
tweetdeck.com
twimg.com
twin.me
twinlife-systems.com
twinme.com
twirpx.com
twitpic.com
twitter.biz
twitter.com
twitter.jp
twittercommunity.com
twitterflightschool.com
twitterinc.com
twitteroauth.com
twitterstat.us
twtrdns.net
twttr.com
twttr.net
twvid.com
typing.com
uaudio.com
ui.ill.in.ua
uizard.io
ukdevilz.com
ukr.net
ukr.radio
ukrtelcdn.net
unian.ua
unscreen.com
unsplash.com
upwork.com
urlr.me
usa.one
usatoday.com
usher.ttvnw.net
uupdump.net
v.vrv.co
vagrantcloud.com
veeam.com
verstka.media
vesma.one
vesma.today
vesty.co.il
viber.com
vice.com
vine.co
vip110.vip
vipergirls.to
visualcapitalist.com
vmware.com
vndb.org
voanews.com
vod-fy.crunchyrollcdn.com
voidboost.cc
volkswagen-classic-parts.com
vot-tak.tv
vpngate.net
vpngen.org
vpnlove.me
vpnpay.io
vyos.io
w.atwiki.jp
wa.me
walmart.com
watchguard.com
watermarkremover.io
wbgames.com
weather.com
webmd.com
webnames.ca
webtoons.com
weebly.com
welt.de
whatsapp.biz
whatsapp.com
whatsapp.net
widgetapp.stream
wiki.fextralife.com
wikidot.com
wilsoncenter.org
windows10spotlight.com
windsurf.com
wise.com
wonderzine.com
wpengine.com
wunderground.com
www3.corsair.com
x.ai
x.com
xhamster.com
xhamsterlive.com
xhcdn.com
xiaomi.eu
xnxx-cdn.com
xnxx-ru.com
xnxx.com
xnxx.net
xnxx.tv
xnxx3.com
xsts.auth.xboxlive.com
xtracloud.net
xv-ru.com
xvideos-cdn.com
xvideos.com
yande.re
yeggi.com
yle.fi
youtrack.cloud
yummyani.me
z.ai
zahav.ru
zapier.com
zaxid.net
zbigz.com
zedge.net
zendesk.com
zerkalo.io
zona.media
2fa.fb.tools
pytorch.org
rutracker.cc
uvnc.com
api.pwnedpasswords.com
pwnedpasswords.com
haveibeenpwned.com
nekoray.org
cursor.directory
fedoraproject.org
jdownloader.org
oii.la
sysdig.com
lizardbyte.dev
lego.com



google.com
lookerstudio.google.com
news.google.com
googleapis.com
suggestqueries.google.com
gemini.google.com

2ip.ru
cline.bot
fragment.com
shikimori.one
thingiverse.com
rippersanime.info
forum.rippersanime.info
weloma.art
brave.com
search.brave.com
claude.com
roocode.com
unsloth.ai
sourceforge.net
trakt.tv

statics.life
openstat.net
google-analytics.com
googletagmanager.com
torrenttip220.top
529072.xyz
asnet.pw
apachetorrent.com
bangumi.moe
bigfangroup.org
bitru.org
bitsearch.to
demonoid.nl
share.dmhy.org
extratorrent.st
eztvx.to
limontorrents.vip
www.frozen-layer.com
kickass.torrentbay.st
kickass.ws
limetorrents.fun
magnetcatcat.com
newstudio.tv
ww3-nortorrent.com
nyaa.si
torrentcore.xyz
torrenttip220.top
dontorrent.cash
electro-torrent.pl
extratorrent.ninjaproxy1.com
extratorrent.proxyninja.org
extratorrent.proxyninja.net
hdrtorrent.com
ilcorsaronero.link
magnetcatcat.com
clmclm.com
8800546.xyz
torrentbay.st
torrentsbay.org
unblockninja.com
ninjaproxy1.com
proxyninja.org
proxyninja.net
newstudio.tv
nekobt.to
moviesdvdr.co
nyaa.iss.ink
nyaa.land
nyaa.mom
nyaa.unblockninja.com
zktorrent.com
zamunda.rip
yts.bz
yts.unblockninja.com
yts.ninjaproxy1.com
yts.proxyninja.org
yts.proxyninja.net
yts.torrentbay.st
yts.torrentsbay.org
mania-torrent.org
cine-torrent.org
magnet-torrent.org
mega-torrent.cc
zone-torrent.com
warez-torrent.org
wolfmax4k.com
uztracker.net
uindex.org
ygg.gratis
torrenttip219.top
torrentsome238.com
torrentqq412.com
torrentegg87.com
torrentgalaxy.one
torrentgalaxy.info
torrentgalaxy.space
torrentdownload.info
torrentcore.xyz
www5.torrent9.to
www.torrentdownloads.pro
torrentdownloads.unblockninja.com
torrentdownloads.ninjaproxy1.com
torrentdownloads.proxyninja.org
torrentdownloads.proxyninja.net
therarbg.to
therarbg.com
therar.site
rarbg.unblockninja.com
rarbg.ninjaproxy1.com
rarbg.proxyninja.org
rarbg.proxyninja.net
rarbg.torrentbay.st
thepiratebay.org
solidtorrents.eu
kickasstorrents.bz
dolby.com
repo.webosbrew.org
qt.io
cursor.com
cursor.sh
cursorapi.com
duckdns.org
funpay.com
anidub.vip
anidub.shop
skillsmp.com
reactbits.dev
mediaarea.net
mkvtoolnix.download
excalidraw.com
claudeusercontent.com
kodi.tv
githubusercontent.com
qbittorrent.org
audioz.download
ishosting.com
netgrid.host
infomaniak.com
endcore.cloud
breakfastquay.com
pythonhosted.org
pypi.org
fbaipublicfiles.com
he.net
googleadservices.com
overwolf.com
shields.io
curseforge.com
bisecthosting.com
forgecdn.net
freshworks.com
digitaloceanspaces.com
adriver.ru
arxiv.org
thecvf.com
openreview.net
paperswithcode.com
meta.com
facebook.com
semanticscholar.org
neurips.cc
mlr.press
acm.org
ieee.org
researchhub.blog
uvnc.eu
iedem.tv
designingsound.org
pypi.org
yani.tv
animetop.info
microsoft.com
ibb.co
rutracker.cc
proxmox.com
findanime.me
gekko.ink
animakima.ru
cloudfront.net
jetbrains.team
cerebras.ai
canopywave.io
chkr.cc
madleets.me
fakepersongenerator.com
etawen.dev
onet.pl
dreamlab.pl
ocdn.eu
gemius.pl
downloadgameps3.net
rootz.so
akirabox.com
vik1ngfile.site
findani.me
yummyanime.tv
utsu.ru
jutsucdn.ru
jutsu66.ru
vost.pw
aff1best.org
anime1.best
deltarockme.com
animebestdub.com
animego.online
animego.me
animevost.org
trn.su
anirem.org
animetop.info
animesss.com
mechaenetia.com
animetop.info
gtnewhorizons.com
mechaenetia.com
animesss.com
deepseek.com
playss14.com
ouo.io
rezka.fm
hdrezka.ax
astar.bz
v2raytun.com
cloudflare-ech.com
aliexpress-media.com
